======================================================================
Theme 1: Single Aggregate Physics
======================================================================
POM: 0.5 mm diameter
Conditions: T=20°C, ψ=-33 kPa, O₂=21%
Duration: 60 months (1826.4 days)

Running simulation...
  Completed: 18614 timesteps
  Carbon conservation: max relative error = 2.3500834499390095e-15

Exporting timeseries...
  Wrote data/timeseries.csv (61 rows, 19 columns)
Exporting radial profiles...
  Wrote data/radial_profiles.csv (500 rows, 11 columns)
Exporting CO2 flux...
  Wrote data/co2_flux.csv (61 rows, 4 columns)
Exporting aqueous concentrations...
  Wrote data/aqueous_1mo.csv (100 rows, 3 columns)
  Wrote data/aqueous_6mo.csv (100 rows, 3 columns)
  Wrote data/aqueous_12mo.csv (100 rows, 3 columns)
  Wrote data/aqueous_24mo.csv (100 rows, 3 columns)
  Wrote data/aqueous_48mo.csv (100 rows, 3 columns)

======================================================================
Theme 1 Complete
======================================================================

Qualitative physics checks:
----------------------------------------------------------------------
  POM: 1000.0 → 984.7 μg-C (98.5% remaining)
┌ Warning:   ⚠  POM not depleted enough after 60 months (expected <50%, got 98.5%)
└ @ Main ~/Library/CloudStorage/Dropbox/Research/AGGREGATE/paper/simulations/single_aggregate_physics/run_simulations.jl:170
  r_agg: peak = 5.0 mm, final = 5.0 mm
  ✓  r_agg growth observed
  MAOC: 0.0 → 4.1 μg-C (4.1 net increase)
  ✓  MAOC accumulation observed
┌ Warning:   ⚠  MAOC decoupling not clear (M_total ≈ M_agg at end)
└ @ Main ~/Library/CloudStorage/Dropbox/Research/AGGREGATE/paper/simulations/single_aggregate_physics/run_simulations.jl:206
  CO₂ flux: peaks at 0.0 months
  ✓  CO₂ flux peaks reasonably early
┌ Warning:   ⚠  Radial profiles nearly flat (expected sharp C gradient near POM)
└ @ Main ~/Library/CloudStorage/Dropbox/Research/AGGREGATE/paper/simulations/single_aggregate_physics/run_simulations.jl:227
----------------------------------------------------------------------

All CSVs exported to data/
Ready for R analysis
